// Jest Snapshot v1, https://goo.gl/fbAQLP

exports[`POST /api/auth/ catches wrong input at signup 1`] = `"{\\"message\\":{\\"errors\\":{\\"lastName\\":{\\"name\\":\\"ValidatorError\\",\\"message\\":\\"Path \`lastName\` is required.\\",\\"properties\\":{\\"message\\":\\"Path \`lastName\` is required.\\",\\"type\\":\\"required\\",\\"path\\":\\"lastName\\"},\\"kind\\":\\"required\\",\\"path\\":\\"lastName\\"},\\"firstName\\":{\\"name\\":\\"ValidatorError\\",\\"message\\":\\"Path \`firstName\` is required.\\",\\"properties\\":{\\"message\\":\\"Path \`firstName\` is required.\\",\\"type\\":\\"required\\",\\"path\\":\\"firstName\\"},\\"kind\\":\\"required\\",\\"path\\":\\"firstName\\"}},\\"_message\\":\\"User validation failed\\",\\"name\\":\\"ValidationError\\",\\"message\\":\\"User validation failed: lastName: Path \`lastName\` is required., firstName: Path \`firstName\` is required.\\"}}"`;
